// Jest Snapshot v1, https://goo.gl/fbAQLP

exports[`Test APP Snapshot Matches snapshot 1`] = `
[
  <aside
    aria-label="Sidebar"
    className="fixed top-0 left-0 z-40 w-64 h-screen transition-transform -translate-x-full sm:translate-x-0"
    id="default-sidebar"
  >
    <div
      className="h-full overflow-y-auto bg-brandPrimary"
    >
      <div
        className="mt-6"
      >
        <div
          className="justify-center mb-4"
        >
          <header
            className="p-0 m-0 text-lg font-bold"
            data-testid="app-name"
          >
            Robo - Bob
          </header>
        </div>
        <hr
          className="border-t-0.5"
        />
      </div>
    </div>
  </aside>,
  <div
    className="h-screen p-4 sm:ml-64 w-content"
  >
    <div
      className="h-full p-4 border-2 border-gray-700 border-solid rounded-lg"
    >
      <div
        className="absolute mt-5 bottom-0 w-[calc(100%-5rem)] sm:w-[calc(100%-20rem)] md:w-[calc(100%-20rem)]"
      >
        <div
          data-simplebar="init"
          id="scroll"
          style={
            {
              "maxHeight": "calc(100vh - 40px)",
            }
          }
        >
          <div
            className="simplebar-wrapper"
          >
            <div
              className="simplebar-height-auto-observer-wrapper"
            >
              <div
                className="simplebar-height-auto-observer"
              />
            </div>
            <div
              className="simplebar-mask"
            >
              <div
                className="simplebar-offset"
              >
                <div
                  aria-label="scrollable content"
                  className="simplebar-content-wrapper"
                  role="region"
                  tabIndex={0}
                >
                  <div
                    className="simplebar-content"
                  >
                    <div
                      className="flex items-center p-5 mb-6"
                    >
                      <textarea
                        className="w-full h-12 mr-5 border text-sm rounded-lg p-2.5 bg-gray-700 border-gray-700 focus:border-blue-700"
                        data-testid="send-message"
                        disabled={false}
                        onChange={[Function]}
                        onKeyDown={[Function]}
                        placeholder="Type a thread"
                        value=""
                      />
                      <button
                        aria-label="Send Message"
                        className="h-12 px-5 py-2 border border-gray-400 border-solid divide-transparent rounded-md hover:border-white focus-within:outline-blue-200 focus:outline-4 focus:outline-blue-200 active:outline-blue-200 disabled:bg-gray-500 disabled:border-gray-400  disabled:cursor-not-allowed"
                        data-testid="send-button"
                        disabled={true}
                        icon="sendMessage"
                        onClick={[Function]}
                      >
                        <svg
                          className="w-12 h-4 m-1 md:m-0"
                          fill="none"
                          strokeWidth="2"
                          viewBox="0 0 12 16"
                          xmlns="http://www.w3.org/2000/svg"
                        >
                          <path
                            d="M.5 1.163A1 1 0 0 1 1.97.28l12.868 6.837a1 1 0 0 1 0 1.766L1.969 15.72A1 1 0 0 1 .5 14.836V10.33a1 1 0 0 1 .816-.983L8.5 8 1.316 6.653A1 1 0 0 1 .5 5.67V1.163Z"
                            fill="currentColor"
                          />
                        </svg>
                      </button>
                    </div>
                  </div>
                </div>
              </div>
            </div>
            <div
              className="simplebar-placeholder"
            />
          </div>
          <div
            className="simplebar-track simplebar-horizontal"
          >
            <div
              className="simplebar-scrollbar"
            />
          </div>
          <div
            className="simplebar-track simplebar-vertical"
          >
            <div
              className="simplebar-scrollbar"
            />
          </div>
        </div>
      </div>
    </div>
  </div>,
]
`;
